export const snapshot = {};

snapshot[`\$.bitSequence BitSequence { data: Uint8Array(0) [], length: 0 } 1`] = `00`;

snapshot[`\$.bitSequence BitSequence { data: Uint8Array(2) [ 106, 40 ], length: 13 } 1`] = `
34
6a
28
`;
