export const snapshot = {};

snapshot[`promise(array(promise(compact))) times13 1`] = `
01
04
00
34
68
9c
d0
05
01
39
01
6d
01
a1
01
d5
01
09
02
3d
02
71
02
a5
02
d9
02
0d
03
41
03
75
03
a9
03
dd
03
10
44
78
ac
e0
15
01
49
01
7d
01
b1
01
e5
01
19
02
4d
02
81
02
b5
02
e9
02
1d
03
51
03
85
03
b9
03
ed
03
20
54
88
bc
f0
25
01
59
01
8d
01
c1
01
f5
01
29
02
5d
02
91
02
c5
02
f9
02
2d
03
61
03
95
03
c9
03
fd
03
30
64
98
cc
01
01
35
01
69
01
9d
01
d1
01
05
02
39
02
6d
02
a1
02
d5
02
09
03
3d
03
71
03
a5
03
d9
03
0c
40
74
a8
dc
11
01
45
01
79
01
ad
01
e1
01
15
02
49
02
7d
02
b1
02
e5
02
19
03
4d
03
81
03
b5
03
e9
03
1c
50
84
b8
ec
21
01
55
01
89
01
bd
01
f1
01
25
02
59
02
8d
02
c1
02
f5
02
29
03
5d
03
91
03
c5
03
f9
03
2c
60
94
c8
fc
31
01
65
01
99
01
cd
01
01
02
35
02
69
02
9d
02
d1
02
05
03
39
03
6d
03
a1
03
d5
03
08
3c
70
a4
d8
0d
01
41
01
75
01
a9
01
dd
01
11
02
45
02
79
02
ad
02
e1
02
15
03
49
03
7d
03
b1
03
e5
03
18
4c
80
b4
e8
1d
01
51
01
85
01
b9
01
ed
01
21
02
55
02
89
02
bd
02
f1
02
25
03
59
03
8d
03
c1
03
f5
03
28
5c
90
c4
f8
2d
01
61
01
95
01
c9
01
fd
01
31
02
65
02
99
02
cd
02
01
03
35
03
69
03
9d
03
d1
03
04
38
6c
a0
d4
09
01
3d
01
71
01
a5
01
d9
01
0d
02
41
02
75
02
a9
02
dd
02
11
03
45
03
79
03
ad
03
e1
03
14
48
7c
b0
e4
19
01
4d
01
81
01
b5
01
e9
01
1d
02
51
02
85
02
b9
02
ed
02
21
03
55
03
89
03
bd
03
f1
03
24
58
8c
c0
f4
29
01
5d
01
91
01
c5
01
f9
01
2d
02
61
02
95
02
c9
02
fd
02
31
03
65
03
99
03
cd
03
`;
