export const snapshot = {};

snapshot[`\$person { name: "Darrel", nickName: "The Durst", superPower: "telekinesis", luckyNumber: 9 } 1`] = `
18
44
61
72
72
65
6c
24
54
68
65
20
44
75
72
73
74
01
2c
74
65
6c
65
6b
69
6e
65
73
69
73
09
`;

snapshot[`\$person { name: "Michael", nickName: "Mike", superPower: undefined, luckyNumber: 7 } 1`] = `
1c
4d
69
63
68
61
65
6c
10
4d
69
6b
65
00
07
`;
