export const snapshot = {};

snapshot[`ShapeVisitor 1`] = `Error: Unrecognized shape`;

snapshot[`\$graph a 1`] = `
00
04
61
08
04
04
62
04
08
04
64
04
00
0c
04
63
08
00
10
04
65
0c
00
0c
14
04
66
18
00
04
0c
08
10
14
`;

snapshot[`\$graph b 1`] = `
00
04
62
04
04
04
64
04
08
04
61
08
00
0c
04
63
08
08
10
04
65
0c
08
0c
14
04
66
18
08
00
0c
04
10
14
`;

snapshot[`\$graph c 1`] = `
00
04
63
08
04
04
61
08
08
04
62
04
0c
04
64
04
04
00
10
04
65
0c
04
00
14
04
66
18
04
08
00
0c
10
14
`;

snapshot[`\$graph d 1`] = `
00
04
64
04
04
04
61
08
08
04
62
04
00
0c
04
63
08
04
10
04
65
0c
04
0c
14
04
66
18
04
08
0c
00
10
14
`;

snapshot[`\$graph e 1`] = `
00
04
65
0c
04
04
61
08
08
04
62
04
0c
04
64
04
04
10
04
63
08
04
00
10
14
04
66
18
04
08
10
0c
00
14
`;

snapshot[`\$graph f 1`] = `
00
04
66
18
04
04
61
08
08
04
62
04
0c
04
64
04
04
10
04
63
08
04
14
04
65
0c
04
10
00
08
10
0c
14
00
`;
