export const snapshot = {};

snapshot[`CodecVisitor 1`] = `"Unrecognized codec"`;
