export const snapshot = {};

snapshot[`\$.bitSequence BitSequence { length: 0, data: Uint8Array(0) [] } 1`] = `00`;

snapshot[`\$.bitSequence BitSequence { length: 13, data: Uint8Array(2) [ 106, 40 ] } 1`] = `
34
6a
28
`;

snapshot[`\$.bitSequence invalid null 1`] = `ShapeAssertError: !(value instanceof BitSequence)`;

snapshot[`\$.bitSequence invalid undefined 1`] = `ShapeAssertError: !(value instanceof BitSequence)`;

snapshot[`\$.bitSequence invalid 123 1`] = `ShapeAssertError: !(value instanceof BitSequence)`;

snapshot[`\$.bitSequence invalid [] 1`] = `ShapeAssertError: !(value instanceof BitSequence)`;

snapshot[`\$.bitSequence invalid {} 1`] = `ShapeAssertError: !(value instanceof BitSequence)`;

snapshot[`\$.bitSequence invalid [ true, false ] 1`] = `ShapeAssertError: !(value instanceof BitSequence)`;
