export const snapshot = {};

snapshot[`\$.set(\$.u8) ScaleSet { "\$value": \$.u8 } 1`] = `00`;

snapshot[`\$.set(\$.u8) ScaleSet { "\$value": \$.u8 } 2`] = `
10
00
02
04
08
`;

snapshot[`\$.set(\$.u8) ScaleSet { "\$value": \$.u8 } 3`] = `
10
02
03
05
07
`;

snapshot[`\$.set(\$.u8) invalid null 1`] = `ScaleAssertError: !(value instanceof ScaleSet)`;

snapshot[`\$.set(\$.u8) invalid undefined 1`] = `ScaleAssertError: !(value instanceof ScaleSet)`;

snapshot[`\$.set(\$.u8) invalid 123 1`] = `ScaleAssertError: !(value instanceof ScaleSet)`;

snapshot[`\$.set(\$.u8) invalid [ 123 ] 1`] = `ScaleAssertError: !(value instanceof ScaleSet)`;

snapshot[`\$.set(\$.u8) invalid Set(1) { null } 1`] = `ScaleAssertError: !(value instanceof ScaleSet)`;

snapshot[`\$.set(\$.u8) invalid Set(5) { 1, 2, 3, -1, 4 } 1`] = `ScaleAssertError: !(value instanceof ScaleSet)`;

snapshot[`\$.set(\$.u8) invalid ScaleSet { "\$value": \$.i8 } 1`] = `ScaleAssertError: #iterator[3] < 0`;

snapshot[`\$.map(\$.str, \$.u8) ScaleMap { "\$key": \$.str } 1`] = `00`;

snapshot[`\$.map(\$.str, \$.u8) ScaleMap { "\$key": \$.str } 2`] = `
08
04
30
00
04
31
01
`;

snapshot[`\$.map(\$.str, \$.u8) ScaleMap { "\$key": \$.str } 3`] = `
14
0c
32
5e
30
00
0c
32
5e
31
02
0c
32
5e
32
04
0c
32
5e
33
08
0c
32
5e
34
10
`;

snapshot[`\$.map(\$.str, \$.u8) invalid null 1`] = `ScaleAssertError: !(value instanceof ScaleMap)`;

snapshot[`\$.map(\$.str, \$.u8) invalid undefined 1`] = `ScaleAssertError: !(value instanceof ScaleMap)`;

snapshot[`\$.map(\$.str, \$.u8) invalid 123 1`] = `ScaleAssertError: !(value instanceof ScaleMap)`;

snapshot[`\$.map(\$.str, \$.u8) invalid [ 123 ] 1`] = `ScaleAssertError: !(value instanceof ScaleMap)`;

snapshot[`\$.map(\$.str, \$.u8) invalid [ [ "a", 1 ] ] 1`] = `ScaleAssertError: !(value instanceof ScaleMap)`;

snapshot[`\$.map(\$.str, \$.u8) invalid Map(1) { "a" => null } 1`] = `ScaleAssertError: !(value instanceof ScaleMap)`;

snapshot[`\$.map(\$.str, \$.u8) invalid Map(4) { "a" => 1, "b" => 2, "c" => -1, "d" => 0 } 1`] = `ScaleAssertError: !(value instanceof ScaleMap)`;

snapshot[`\$.map(\$.str, \$.u8) invalid Map(4) { "a" => 1, "b" => 2, null => 3, "d" => 0 } 1`] = `ScaleAssertError: !(value instanceof ScaleMap)`;
