export const snapshot = {};

snapshot[`\$boxU8 { value: 0 } 1`] = `00`;

snapshot[`\$boxU8 { value: 1 } 1`] = `01`;

snapshot[`\$boxU8 invalid { value: -1 } 1`] = `ShapeAssertError: value#encode < 0`;
