export const snapshot = {};

snapshot[`\$.compactNumber 0 1`] = `00`;

snapshot[`\$.compactNumber 1 1`] = `04`;

snapshot[`\$.compactNumber 63 1`] = `fc`;

snapshot[`\$.compactNumber 255 1`] = `
fd
03
`;

snapshot[`\$.compactNumber 16383 1`] = `
fd
ff
`;

snapshot[`\$.compactNumber 65535 1`] = `
fe
ff
03
00
`;

snapshot[`\$.compactNumber 1073741823 1`] = `
fe
ff
ff
ff
`;

snapshot[`\$.compactNumber 4294967295 1`] = `
03
ff
ff
ff
ff
`;

snapshot[`\$.compactBigInt 0n 1`] = `00`;

snapshot[`\$.compactBigInt 63n 1`] = `fc`;

snapshot[`\$.compactBigInt 16383n 1`] = `
fd
ff
`;

snapshot[`\$.compactBigInt 1073741823n 1`] = `
fe
ff
ff
ff
`;

snapshot[`\$.compactBigInt 1099511627775n 1`] = `
07
ff
ff
ff
ff
ff
`;

snapshot[`\$.compactBigInt 18446744073709551615n 1`] = `
13
ff
ff
ff
ff
ff
ff
ff
ff
`;

snapshot[`\$.compactBigInt 340282366920938463463374607431768211455n 1`] = `
33
ff
ff
ff
ff
ff
ff
ff
ff
ff
ff
ff
ff
ff
ff
ff
ff
`;

snapshot[`\$.compactBigInt 340282366920938463463374607431768211455n 2`] = `
33
ff
ff
ff
ff
ff
ff
ff
ff
ff
ff
ff
ff
ff
ff
ff
ff
`;

snapshot[`\$.compactBigInt 115792089237316195423570985008687907853269984665640564039457584007913129639935n 1`] = `
73
ff
ff
ff
ff
ff
ff
ff
ff
ff
ff
ff
ff
ff
ff
ff
ff
ff
ff
ff
ff
ff
ff
ff
ff
ff
ff
ff
ff
ff
ff
ff
ff
`;

snapshot[`\$.compactBigInt 224945689727159819140526925384299092943484855915095831655037778630591879033574393515952034305194542857496045531676044756160413302774714984450425759043258192756735n 1`] = `
ff
ff
ff
ff
ff
ff
ff
ff
ff
ff
ff
ff
ff
ff
ff
ff
ff
ff
ff
ff
ff
ff
ff
ff
ff
ff
ff
ff
ff
ff
ff
ff
ff
ff
ff
ff
ff
ff
ff
ff
ff
ff
ff
ff
ff
ff
ff
ff
ff
ff
ff
ff
ff
ff
ff
ff
ff
ff
ff
ff
ff
ff
ff
ff
ff
ff
ff
ff
`;
