export const snapshot = {};

snapshot[`\$.array(\$.u8) [ 1, 2, 3, 4, 5 ] 1`] = `
14
01
02
03
04
05
`;

snapshot[`\$.array(\$.u8) [ 6, 7, 8, 9, 10 ] 1`] = `
14
06
07
08
09
0a
`;

snapshot[`\$.array(\$.u8) [ 11, 12, 13, 14, 15 ] 1`] = `
14
0b
0c
0d
0e
0f
`;

snapshot[`\$.array(\$.u8) [ 16, 17, 18, 19, 20, 21 ] 1`] = `
18
10
11
12
13
14
15
`;

snapshot[`\$.sizedArray(\$.u8, 1) [ 1 ] 1`] = `01`;

snapshot[`\$.sizedArray(\$.u8, 2) [ 1, 1 ] 1`] = `
01
01
`;

snapshot[`\$.sizedArray(\$.u8, 100) [
  1, 1, 1, 1, 1, 1, 1, 1, 1, 1, 1, 1, 1, 1, 1,
  1, 1, 1, 1, 1, 1, 1, 1, 1, 1, 1, 1, 1, 1, 1,
  1, 1, 1, 1, 1, 1, 1, 1, 1, 1, 1, 1, 1, 1, 1,
  1, 1, 1, 1, 1, 1, 1, 1, 1, 1, 1, 1, 1, 1, 1,
  1, 1, 1, 1, 1, 1, 1, 1, 1, 1, 1, 1, 1, 1, 1,
  1, 1, 1, 1, 1, 1, 1, 1, 1, 1, 1, 1, 1, 1, 1,
  1, 1, 1, 1, 1, 1, 1, 1, 1, 1,
] 1`] = `
01
01
01
01
01
01
01
01
01
01
01
01
01
01
01
01
01
01
01
01
01
01
01
01
01
01
01
01
01
01
01
01
01
01
01
01
01
01
01
01
01
01
01
01
01
01
01
01
01
01
01
01
01
01
01
01
01
01
01
01
01
01
01
01
01
01
01
01
01
01
01
01
01
01
01
01
01
01
01
01
01
01
01
01
01
01
01
01
01
01
01
01
01
01
01
01
01
01
01
01
`;

snapshot[`\$.uint8Array Uint8Array(5) [ 1, 2, 3, 4, 5 ] 1`] = `
14
01
02
03
04
05
`;

snapshot[`\$.uint8Array Uint8Array(5) [ 6, 7, 8, 9, 10 ] 1`] = `
14
06
07
08
09
0a
`;

snapshot[`\$.uint8Array Uint8Array(5) [ 11, 12, 13, 14, 15 ] 1`] = `
14
0b
0c
0d
0e
0f
`;

snapshot[`\$.uint8Array Uint8Array(6) [ 16, 17, 18, 19, 20, 21 ] 1`] = `
18
10
11
12
13
14
15
`;

snapshot[`\$.sizedUint8Array(4) Uint8Array(4) [ 0, 0, 0, 0 ] 1`] = `
00
00
00
00
`;

snapshot[`\$.sizedUint8Array(4) Uint8Array(4) [ 1, 2, 3, 4 ] 1`] = `
01
02
03
04
`;
