export const snapshot = {};

snapshot[`\$.dummy(101) 101 1`] = ``;
