export const snapshot = {};

snapshot[`\$myError MyError {
  code: 1,
  message: "At war with my Arch system config",
  payload: { a: "a", b: 2, c: true },
} 1`] = `
01
84
41
74
20
77
61
72
20
77
69
74
68
20
6d
79
20
41
72
63
68
20
73
79
73
74
65
6d
20
63
6f
6e
66
69
67
04
61
02
01
`;
