export const snapshot = {};

snapshot[`\$.set(\$.u8) Set(0) {} 1`] = `00`;

snapshot[`\$.set(\$.u8) Set(4) { 0, 2, 4, 8 } 1`] = `
10
00
02
04
08
`;

snapshot[`\$.set(\$.u8) Set(4) { 2, 3, 5, 7 } 1`] = `
10
02
03
05
07
`;

snapshot[`\$.set(\$.u8) invalid null 1`] = `ScaleAssertError: !(value instanceof Set)`;

snapshot[`\$.set(\$.u8) invalid undefined 1`] = `ScaleAssertError: !(value instanceof Set)`;

snapshot[`\$.set(\$.u8) invalid 123 1`] = `ScaleAssertError: !(value instanceof Set)`;

snapshot[`\$.set(\$.u8) invalid [ 123 ] 1`] = `ScaleAssertError: !(value instanceof Set)`;

snapshot[`\$.set(\$.u8) invalid Set(1) { null } 1`] = `ScaleAssertError: typeof #iterator[0] !== "number"`;

snapshot[`\$.set(\$.u8) invalid Set(5) { 1, 2, 3, -1, 4 } 1`] = `ScaleAssertError: #iterator[3] < 0`;

snapshot[`\$.map(\$.str, \$.u8) Map(0) {} 1`] = `00`;

snapshot[`\$.map(\$.str, \$.u8) Map(2) { "0" => 0, "1" => 1 } 1`] = `
08
04
30
00
04
31
01
`;

snapshot[`\$.map(\$.str, \$.u8) Map(5) { "2^0" => 0, "2^1" => 2, "2^2" => 4, "2^3" => 8, "2^4" => 16 } 1`] = `
14
0c
32
5e
30
00
0c
32
5e
31
02
0c
32
5e
32
04
0c
32
5e
33
08
0c
32
5e
34
10
`;

snapshot[`\$.map(\$.str, \$.u8) invalid null 1`] = `ScaleAssertError: !(value instanceof Map)`;

snapshot[`\$.map(\$.str, \$.u8) invalid undefined 1`] = `ScaleAssertError: !(value instanceof Map)`;

snapshot[`\$.map(\$.str, \$.u8) invalid 123 1`] = `ScaleAssertError: !(value instanceof Map)`;

snapshot[`\$.map(\$.str, \$.u8) invalid [ 123 ] 1`] = `ScaleAssertError: !(value instanceof Map)`;

snapshot[`\$.map(\$.str, \$.u8) invalid [ [ "a", 1 ] ] 1`] = `ScaleAssertError: !(value instanceof Map)`;

snapshot[`\$.map(\$.str, \$.u8) invalid Map(1) { "a" => null } 1`] = `ScaleAssertError: typeof #iterator[0][1] !== "number"`;

snapshot[`\$.map(\$.str, \$.u8) invalid Map(4) { "a" => 1, "b" => 2, "c" => -1, "d" => 0 } 1`] = `ScaleAssertError: #iterator[2][1] < 0`;

snapshot[`\$.map(\$.str, \$.u8) invalid Map(4) { "a" => 1, "b" => 2, null => 3, "d" => 0 } 1`] = `ScaleAssertError: typeof #iterator[2][0] !== "string"`;

snapshot[`\$iterableArray [] 1`] = `00`;

snapshot[`\$iterableArray [ 0, 2, 4, 8 ] 1`] = `
10
00
02
04
08
`;

snapshot[`\$iterableArray [ 2, 3, 5, 7 ] 1`] = `
10
02
03
05
07
`;
