export const snapshot = {};

snapshot[`\$.option(\$.str, undefined) "HELLO!" 1`] = `
01
18
48
45
4c
4c
4f
21
`;

snapshot[`\$.option(\$.u8, undefined) 1 1`] = `
01
01
`;

snapshot[`\$.option(\$.u32, undefined) 4294967295 1`] = `
01
ff
ff
ff
ff
`;

snapshot[`\$.option(\$.bool, undefined) true 1`] = `
01
01
`;

snapshot[`\$.option(\$.bool, undefined) false 1`] = `
01
00
`;

snapshot[`\$.option(\$.bool, undefined) undefined 1`] = `00`;

snapshot[`\$.option(\$.str, null) "hi" 1`] = `
01
08
68
69
`;

snapshot[`\$.option(\$.str, null) "low" 1`] = `
01
0c
6c
6f
77
`;

snapshot[`\$.option(\$.str, null) null 1`] = `00`;

snapshot[`\$.option(\$.bool, undefined) invalid 123 1`] = `ScaleAssertError: typeof value !== "boolean"`;
