export const snapshot = {};

snapshot[`\$.transform(\$.u8, [Function], [Function]) { value: 0 } 1`] = `00`;

snapshot[`\$.transform(\$.u8, [Function], [Function]) { value: 1 } 1`] = `01`;
